---
source: crates/paladin-auth-tui/tests/view_snapshots.rs
expression: "render_to_styled_text(&state, snapshot_now(), true, 80, 12)"
---
┌ Paladin Auth [plaintext] ────────────────────────────────────────────────────┐
│ Search:                                                                      │
│ ──────────────────────────────────────────────────────────────────────────── │
│ ▶ Example (alice@example.com)         914 994  ██████░░░░   18s  ↪   255 062 │
│                                                                              │
│                                                                              │
│                                                                              │
│                                                                              │
│                                                                              │
│ ──────────────────────────────────────────────────────────────────────────── │
│ Added Example:alice@example.com. warning: secret is shorter than recommended │
└──────────────────────────────────────────────────────────────────────────────┘
─── styles ───
(1..27, 0) " Paladin Auth [plaintext] " fg=Reset bg=Reset mod=BOLD
(2..67, 3) "▶ Example (alice@example.com)         914 994  ██████░░░░   18s  " fg=Reset bg=Reset mod=BOLD | REVERSED
(67..78, 3) "↪   255 062" fg=Reset bg=Reset mod=BOLD | DIM | REVERSED
