---
source: crates/paladin-auth-tui/tests/view_snapshots.rs
expression: "render_to_text(&state, snapshot_now(), 80, 20)"
---
┌ Paladin Auth [plaintext] ────────────────────────────────────────────────────┐
│ Search:                                                                      │
│ ──────────────────────────────────────────────────────────────────────────── │
│ ▶ GitHub (ben@example.com)            914 994  ██████░░░░   18s  ↪   255 062 │
│                                                                              │
│       ┌ Remove account ──────────────────────────────────────────────┐       │
│       │ Remove the following account?                                │       │
│       │                                                              │       │
│       │ GitHub:ben@example.com                                       │       │
│       │                                                              │       │
│       │                                                              │       │
│       │                                                              │       │
│       │                                                              │       │
│       │                Enter confirms  ·  Esc cancels                │       │
│       └──────────────────────────────────────────────────────────────┘       │
│                                                                              │
│                                                                              │
│ ──────────────────────────────────────────────────────────────────────────── │
│ [↑↓] move  [enter] copy  [C] copy-next  [n] next-HOTP  [a] add  [/] find     │
└──────────────────────────────────────────────────────────────────────────────┘
