---
source: crates/paladin-auth-tui/tests/view_snapshots.rs
expression: "render_to_text(&state, snapshot_now(), 80, 12)"
---
┌ Paladin Auth [plaintext] ────────────────────────────────────────────────────┐
│ Search:                                                                      │
│ ──────────────────────────────────────────────────────────────────────────── │
│ ▶ GitHub (ben@example.com)            914 994  ██████░░░░   18s  ↪   255 062 │
│                                                                              │
│                                                                              │
│                                                                              │
│                                                                              │
│                                                                              │
│ ──────────────────────────────────────────────────────────────────────────── │
│ no account selected                                                          │
└──────────────────────────────────────────────────────────────────────────────┘
