---
source: crates/paladin-tui/tests/view_snapshots.rs
expression: "render_to_styled_text(&state, snapshot_now(), true, 80, 12)"
---
┌ Paladin [plaintext] ─────────────────────────────────────────────────────────┐
│ Search:                                                                      │
│ ──────────────────────────────────────────────────────────────────────────── │
│   Acct06 (u06)                        914 994   ██████░░░░   18s             │
│   Acct07 (u07)                        914 994   ██████░░░░   18s             │
│   Acct08 (u08)                        914 994   ██████░░░░   18s             │
│ ▶ Acct09 (u09)                        914 994   ██████░░░░   18s             │
│   Acct10 (u10)                        914 994   ██████░░░░   18s             │
│   Acct11 (u11)                        914 994   ██████░░░░   18s             │
│ ──────────────────────────────────────────────────────────────────────────── │
│ [↑↓] move  [enter] copy  [n] next-HOTP  [a] add  [/] find                    │
└──────────────────────────────────────────────────────────────────────────────┘
─── styles ───
(1..22, 0) " Paladin [plaintext] " fg=Reset bg=Reset mod=BOLD
(38..47, 3) "  914 994" fg=Reset bg=Reset mod=BOLD
(38..47, 4) "  914 994" fg=Reset bg=Reset mod=BOLD
(38..47, 5) "  914 994" fg=Reset bg=Reset mod=BOLD
(2..78, 6) "▶ Acct09 (u09)                        914 994   ██████░░░░   18s            " fg=Reset bg=Reset mod=BOLD | REVERSED
(38..47, 7) "  914 994" fg=Reset bg=Reset mod=BOLD
(38..47, 8) "  914 994" fg=Reset bg=Reset mod=BOLD
