---
source: crates/paladin-tui/tests/view_snapshots.rs
expression: "render_to_text(&state, snapshot_now(), 80, 16)"
---
┌ Paladin — create vault ──────────────────────────────────────────────────────┐
│                                                                              │
│  Vault: /var/lib/paladin/vault.bin                                           │
│                                                                              │
│  Enter a passphrase to protect this vault. It cannot be recovered if lost.   │
│                                                                              │
│  Passphrase:   •••••••                                                       │
│  Confirmation: █                                                             │
│                                                                              │
│  Tab or ↑/↓ switches fields; Enter advances or submits; Esc returns; Ctrl-C  │
│  quits.                                                                      │
│                                                                              │
│  passphrases do not match                                                    │
│                                                                              │
│                                                                              │
└──────────────────────────────────────────────────────────────────────────────┘
