---
source: crates/paladin-tui/tests/view_snapshots.rs
assertion_line: 966
expression: "render_to_text(&state, snapshot_now(), 80, 20)"
---
┌ Paladin ─────────────────────────────────────────────────────────────────────┐
│ Search:                                                                      │
│ ──────────────────────────────────────────────────────────────────────────── │
│                                                                              │
│       ┌ Settings ────────────────────────────────────────────────────┐       │
│       │ Auto-lock:        [   ]                                      │       │
│       │   Timeout (s):    [ 300 ]                                    │       │
│       │                                                              │       │
│       │ Clipboard-clear:  [   ]                                      │       │
│       │   Timeout (s):    [ 20 ]                                     │       │
│       │                                                              │       │
│       │                                                              │       │
│       │                                                              │       │
│       │                                                              │       │
│       │       Tab cycles fields  ·  Enter submit  ·  Esc cancel      │       │
│       └──────────────────────────────────────────────────────────────┘       │
│                                                                              │
│ ──────────────────────────────────────────────────────────────────────────── │
│ [↑↓] move  [enter] copy  [n] next-HOTP  [a] add  [/] find                    │
└──────────────────────────────────────────────────────────────────────────────┘
