---
source: crates/paladin-tui/tests/view_snapshots.rs
expression: "render_to_styled_text(&state, snapshot_now(), true, 80, 12)"
---
┌ Paladin [plaintext] ─────────────────────────────────────────────────────────┐
│ Search:                                                                      │
│ ──────────────────────────────────────────────────────────────────────────── │
│ ▶ GitHub (ben@example.com)            914 994   ██████░░░░   18s             │
│                                                                              │
│                                                                              │
│                                                                              │
│                                                                              │
│                                                                              │
│ ──────────────────────────────────────────────────────────────────────────── │
│ Settings updated.                                                            │
└──────────────────────────────────────────────────────────────────────────────┘
─── styles ───
(1..22, 0) " Paladin [plaintext] " fg=Reset bg=Reset mod=BOLD
(2..78, 3) "▶ GitHub (ben@example.com)            914 994   ██████░░░░   18s            " fg=Reset bg=Reset mod=BOLD | REVERSED
