---
source: crates/paladin-tui/tests/view_snapshots.rs
assertion_line: 851
expression: "render_to_styled_text(&state, snapshot_now(), true, 80, 12)"
---
┌ Paladin ─────────────────────────────────────────────────────────────────────┐
│ Search:                                                                      │
│ ──────────────────────────────────────────────────────────────────────────── │
│ ▶ AWS (prod) (#41)                    123 456                                │
│                                                                              │
│                                                                              │
│                                                                              │
│                                                                              │
│                                                                              │
│ ──────────────────────────────────────────────────────────────────────────── │
│ save durability unconfirmed                                                  │
└──────────────────────────────────────────────────────────────────────────────┘
─── styles ───
(none)
