---
source: crates/paladin-tui/tests/view_snapshots.rs
expression: "render_to_styled_text(&state, snapshot_now(), true, 80, 12)"
---
┌ Paladin [plaintext] ─────────────────────────────────────────────────────────┐
│ Search: git                                                                  │
│ ──────────────────────────────────────────────────────────────────────────── │
│ ▶ GitHub (ben@example.com)            914 994   ██████░░░░   18s             │
│   GitLab (ben@example.com)            914 994   ██████░░░░   18s             │
│                                                                              │
│                                                                              │
│                                                                              │
│                                                                              │
│ ──────────────────────────────────────────────────────────────────────────── │
│ [↑↓] move  [enter] copy  [n] next-HOTP  [a] add  [/] find                    │
└──────────────────────────────────────────────────────────────────────────────┘
─── styles ───
(1..22, 0) " Paladin [plaintext] " fg=Reset bg=Reset mod=BOLD
(2..4, 3) "▶ " fg=Reset bg=Reset mod=BOLD | REVERSED
(4..7, 3) "Git" fg=Reset bg=Reset mod=BOLD | UNDERLINED | REVERSED
(7..78, 3) "Hub (ben@example.com)            914 994   ██████░░░░   18s            " fg=Reset bg=Reset mod=BOLD | REVERSED
(4..7, 4) "Git" fg=Reset bg=Reset mod=BOLD | UNDERLINED
(38..47, 4) "  914 994" fg=Reset bg=Reset mod=BOLD
