---
source: crates/paladin-tui/tests/view_snapshots.rs
expression: "render_to_styled_text(&state, snapshot_now(), true, 80, 12)"
---
┌ Paladin [plaintext] ─────────────────────────────────────────────────────────┐
│ Search:                                                                      │
│ ──────────────────────────────────────────────────────────────────────────── │
│   GitHub (ben@example.com)            914 994   ██████░░░░   18s             │
│   Bank (savings) (#0)               ▸ press n to advance                     │
│ ▶ VPN (work) (#41)                    654 321                                │
│                                                                              │
│                                                                              │
│                                                                              │
│ ──────────────────────────────────────────────────────────────────────────── │
│ [↑↓] move  [enter] copy  [n] next-HOTP  [a] add  [/] find                    │
└──────────────────────────────────────────────────────────────────────────────┘
─── styles ───
(1..22, 0) " Paladin [plaintext] " fg=Reset bg=Reset mod=BOLD
(38..47, 3) "  914 994" fg=Reset bg=Reset mod=BOLD
(38..58, 4) "▸ press n to advance" fg=Reset bg=Reset mod=DIM
(2..78, 5) "▶ VPN (work) (#41)                    654 321                               " fg=Reset bg=Reset mod=BOLD | REVERSED
