---
source: crates/paladin-tui/tests/view_snapshots.rs
expression: rendered
---
┌ Paladin ─────────────────────────────────────────────────────────────────────┐
│ Search:                                                                      │
│ ──────────────────────────────────────────────────────────────────────────── │
│                                                                              │
│                      No accounts. Press `a` to add one.                      │
│   ┌ Export accounts ─────────────────────────────────────────────────────┐   │
│   │ Destination: [  ]                                                    │   │
│   │                                                                      │   │
│   │ Format:        Plaintext    ▶ Encrypted ◀                            │   │
│   │                                                                      │   │
│   │ invalid passphrase: zero_length                                      │   │
│   │                                                                      │   │
│   │                                                                      │   │
│   │           Tab cycles fields  ·  Enter submit  ·  Esc cancel          │   │
│   └──────────────────────────────────────────────────────────────────────┘   │
│                                                                              │
│                                                                              │
│ ──────────────────────────────────────────────────────────────────────────── │
│ [↑↓] move  [enter] copy  [n] next-HOTP  [a] add  [/] find                    │
└──────────────────────────────────────────────────────────────────────────────┘
