---
source: crates/paladin-tui/tests/view_snapshots.rs
expression: rendered
---
┌ Paladin [plaintext] ─────────────────────────────────────────────────────────┐
│ Search:                                                                      │
│ ──────────────────────────────────────────────────────────────────────────── │
│ ▶ GitHub (ben@example.com)            914 994  ↪   255 062  ██████░░░░   18s │
│                                                                              │
│       ┌ Remove account ──────────────────────────────────────────────┐       │
│       │ Remove the following account?                                │       │
│       │                                                              │       │
│       │ GitHub:ben@example.com                                       │       │
│       │                                                              │       │
│       │ save not committed (committed=false)                         │       │
│       │                                                              │       │
│       │                                                              │       │
│       │                Enter confirms  ·  Esc cancels                │       │
│       └──────────────────────────────────────────────────────────────┘       │
│                                                                              │
│                                                                              │
│ ──────────────────────────────────────────────────────────────────────────── │
│ [↑↓] move  [enter] copy  [C] copy-next  [n] next-HOTP  [a] add  [/] find     │
└──────────────────────────────────────────────────────────────────────────────┘
