---
source: crates/paladin-tui/tests/view_snapshots.rs
expression: rendered
---
┌ Paladin [plaintext] ─────────────────────────────────────────────────────────┐
│ Search:                                                                      │
│ ──────────────────────────────────────────────────────────────────────────── │
│                                                                              │
│                      No accounts. Press `a` to add one.                      │
│       ┌ Set passphrase ──────────────────────────────────────────────┐       │
│       │ Encrypts this vault under a new passphrase.                  │       │
│       │                                                              │       │
│       │ Passphrase:  [  ]                                            │       │
│       │ Confirm:     [  ]                                            │       │
│       │                                                              │       │
│       │ invalid passphrase: zero_length                              │       │
│       │                                                              │       │
│       │                  Enter submit  ·  Esc cancel                 │       │
│       └──────────────────────────────────────────────────────────────┘       │
│                                                                              │
│                                                                              │
│ ──────────────────────────────────────────────────────────────────────────── │
│ [↑↓] move  [enter] copy  [n] next-HOTP  [a] add  [/] find                    │
└──────────────────────────────────────────────────────────────────────────────┘
