---
source: crates/paladin-tui/tests/view_snapshots.rs
expression: "render_to_text(&state, snapshot_now(), 80, 20)"
---
┌ Paladin [plaintext] ─────────────────────────────────────────────────────────┐
│ Search:                                                                      │
│ ──────────────────────────────────────────────────────────────────────────── │
│ ▶ GitHub (ben@example.com)            914 994   ██████░░░░   18s             │
│                                                                              │
│       ┌ Remove account ──────────────────────────────────────────────┐       │
│       │ Remove the following account?                                │       │
│       │                                                              │       │
│       │ GitHub:ben@example.com                                       │       │
│       │                                                              │       │
│       │                                                              │       │
│       │                                                              │       │
│       │                                                              │       │
│       │                Enter confirms  ·  Esc cancels                │       │
│       └──────────────────────────────────────────────────────────────┘       │
│                                                                              │
│                                                                              │
│ ──────────────────────────────────────────────────────────────────────────── │
│ [↑↓] move  [enter] copy  [n] next-HOTP  [a] add  [/] find                    │
└──────────────────────────────────────────────────────────────────────────────┘
