---
source: crates/paladin-tui/tests/view_snapshots.rs
expression: "render_to_text(&state, snapshot_now(), 80, 20)"
---
┌ Paladin [plaintext] ─────────────────────────────────────────────────────────┐
│ Search:                                                                      │
│ ──────────────────────────────────────────────────────────────────────────── │
│                                                                              │
│   ┌ Import accounts ─────────────────────────────────────────────────────┐   │
│   │ Source:      [  ]                                                    │   │
│   │                                                                      │   │
│   │ Format:      ▶ Auto ◀    Otpauth      Aegis      Paladin      QR     │   │
│   │                                                                      │   │
│   │ On conflict: ▶ Skip ◀    Replace      Append                         │   │
│   │                                                                      │   │
│   │                                                                      │   │
│   │                                                                      │   │
│   │                                                                      │   │
│   │           Tab cycles fields  ·  Enter submit  ·  Esc cancel          │   │
│   └──────────────────────────────────────────────────────────────────────┘   │
│                                                                              │
│ ──────────────────────────────────────────────────────────────────────────── │
│ [↑↓] move  [enter] copy  [n] next-HOTP  [a] add  [/] find                    │
└──────────────────────────────────────────────────────────────────────────────┘
