---
source: crates/paladin-tui/tests/view_snapshots.rs
assertion_line: 1444
expression: "render_to_styled_text(&state, snapshot_now(), true, 80, 12)"
---
┌ Paladin ─────────────────────────────────────────────────────────────────────┐
│ Search:                                                                      │
│ ──────────────────────────────────────────────────────────────────────────── │
│ ▶ Example (alice@example.com)         914 994   ██████░░░░   18s             │
│                                                                              │
│                                                                              │
│                                                                              │
│                                                                              │
│                                                                              │
│ ──────────────────────────────────────────────────────────────────────────── │
│ Added Example:alice@example.com. warning: secret is shorter than recommended │
└──────────────────────────────────────────────────────────────────────────────┘
─── styles ───
(none)
