---
source: crates/paladin-tui/tests/view_snapshots.rs
assertion_line: 739
expression: "render_to_styled_text(&state, snapshot_now(), true, 80, 12)"
---
┌ Paladin ─────────────────────────────────────────────────────────────────────┐
│ Search:                                                                      │
│ ──────────────────────────────────────────────────────────────────────────── │
│   Acct06 (u06)                        914 994   ██████░░░░   18s             │
│   Acct07 (u07)                        914 994   ██████░░░░   18s             │
│   Acct08 (u08)                        914 994   ██████░░░░   18s             │
│ ▶ Acct09 (u09)                        914 994   ██████░░░░   18s             │
│   Acct10 (u10)                        914 994   ██████░░░░   18s             │
│   Acct11 (u11)                        914 994   ██████░░░░   18s             │
│ ──────────────────────────────────────────────────────────────────────────── │
│ [↑↓] move  [enter] copy  [n] next-HOTP  [a] add  [/] find                    │
└──────────────────────────────────────────────────────────────────────────────┘
─── styles ───
(none)
