---
source: crates/paladin-tui/tests/view_snapshots.rs
expression: rendered
---
┌ Paladin [plaintext] ─────────────────────────────────────────────────────────┐
│ Search:                                                                      │
│ ──────┌ Add account ─────────────────────────────────────────────────┐────── │
│       │ Mode: ▶ Manual ◀     URI       QR                            │       │
│       │                                                              │       │
│       │ Label:      [  ]                                             │       │
│       │ Issuer:     [  ]                                             │       │
│       │ Secret:     [  ]                                             │       │
│       │ Algorithm:  SHA1                                             │       │
│       │ Digits:     6                                                │       │
│       │ Kind:       TOTP                                             │       │
│       │ Period (s): 30                                               │       │
│       │ Icon hint:  [  ]                                             │       │
│       │                                                              │       │
│       │ save not committed (committed=false)                         │       │
│       │                                                              │       │
│       │       Tab cycles fields  ·  Enter submit  ·  Esc cancel      │       │
│ ──────└──────────────────────────────────────────────────────────────┘────── │
│ [↑↓] move  [enter] copy  [C] copy-next  [n] next-HOTP  [a] add  [/] find     │
└──────────────────────────────────────────────────────────────────────────────┘
