---
source: crates/paladin-tui/tests/view_snapshots.rs
expression: "render_to_text(&state, snapshot_now(), 80, 12)"
---
┌ Paladin [plaintext] ─────────────────────────────────────────────────────────┐
│ Search: git                                                                  │
│ ──────────────────────────────────────────────────────────────────────────── │
│ ▶ GitHub (ben@example.com)            914 994   ██████░░░░   18s             │
│   GitLab (ben@example.com)            914 994   ██████░░░░   18s             │
│                                                                              │
│                                                                              │
│                                                                              │
│                                                                              │
│ ──────────────────────────────────────────────────────────────────────────── │
│ [↑↓] move  [enter] copy  [n] next-HOTP  [a] add  [/] find                    │
└──────────────────────────────────────────────────────────────────────────────┘
