---
source: crates/paladin-tui/tests/view_snapshots.rs
assertion_line: 788
expression: "render_to_styled_text(&state, snapshot_now(), true, 80, 12)"
---
┌ Paladin ─────────────────────────────────────────────────────────────────────┐
│ Search:                                                                      │
│ ──────────────────────────────────────────────────────────────────────────── │
│ ▶ GitHub (ben@example.com)            914 994   ██████░░░░   18s             │
│                                                                              │
│                                                                              │
│                                                                              │
│                                                                              │
│                                                                              │
│ ──────────────────────────────────────────────────────────────────────────── │
│ no account selected                                                          │
└──────────────────────────────────────────────────────────────────────────────┘
─── styles ───
(none)
