---
source: crates/paladin-tui/tests/view_snapshots.rs
expression: rendered
---
┌ Paladin [plaintext] ─────────────────────────────────────────────────────────┐
│ Search:                                                                      │
│ ──────────────────────────────────────────────────────────────────────────── │
│                                                                              │
│                      No accounts. Press `a` to add one.                      │
│   ┌ Export accounts ─────────────────────────────────────────────────────┐   │
│   │ Destination: [  ]                                                    │   │
│   │                                                                      │   │
│   │ Format:      ▶ Plaintext ◀    Encrypted                              │   │
│   │                                                                      │   │
│   │ save not committed (committed=false)                                 │   │
│   │                                                                      │   │
│   │                                                                      │   │
│   │           Tab cycles fields  ·  Enter submit  ·  Esc cancel          │   │
│   └──────────────────────────────────────────────────────────────────────┘   │
│                                                                              │
│                                                                              │
│ ──────────────────────────────────────────────────────────────────────────── │
│ [↑↓] move  [enter] copy  [C] copy-next  [n] next-HOTP  [a] add  [/] find     │
└──────────────────────────────────────────────────────────────────────────────┘
