---
source: crates/paladin-tui/tests/view_snapshots.rs
expression: rendered
---
┌ Paladin [plaintext] ─────────────────────────────────────────────────────────┐
│ Search:                                                                      │
│ ──────────────────────────────────────────────────────────────────────────── │
│ ▶ GitHub (ben@example.com)            914 994  ██████░░░░   18s  ↪   255 062 │
│                                                                              │
│                                                                              │
│                                                                              │
│                                                                              │
│                                                                              │
│ ──────────────────────────────────────────────────────────────────────────── │
│ Edited GitHub:ben@example.com.                                               │
└──────────────────────────────────────────────────────────────────────────────┘
