---
source: crates/paladin-tui/tests/view_snapshots.rs
assertion_line: 446
expression: "render_to_styled_text(&state, snapshot_now(), true, 80, 12)"
---
┌ Paladin ─────────────────────────────────────────────────────────────────────┐
│ Search:                                                                      │
│ ──────────────────────────────────────────────────────────────────────────── │
│                                                                              │
│                      No accounts. Press `a` to add one.                      │
│                                                                              │
│                                                                              │
│                                                                              │
│                                                                              │
│ ──────────────────────────────────────────────────────────────────────────── │
│ [↑↓] move  [enter] copy  [n] next-HOTP  [a] add  [/] find                    │
└──────────────────────────────────────────────────────────────────────────────┘
─── styles ───
(none)
