---
source: crates/paladin-tui/tests/view_snapshots.rs
expression: rendered
---
┌ Paladin [plaintext] ─────────────────────────────────────────────────────────┐
│ Search:                                                                      │
│ ──────────────────────────────────────────────────────────────────────────── │
│ ▶ GitHub (ben@example.com)            914 994  ██████░░░░   18s  ↪   255 062 │
│   ┌ QR Export ───────────────────────────────────────────────────────────┐   │
│   │                        GitHub:ben@example.com                        │   │
│   │                                                                      │   │
│   │                                                                      │   │
│   │                                                                      │   │
│   │                                                                      │   │
│   │             █▀▀▀▀▀█  ▄█▀ ▀▀█ ▀▀▀ █▄▄▄▀▄ ▀ ▀  ▄ ▄▀ █▀▀▀▀▀█            │   │
│   │             █ ███ █ ██▄█▄▀▀ ▄▄█▀▄▄▄██▀█  ██▄▀█ █▄ █ ███ █            │   │
│   │             █ ▀▀▀ █ █▀▀▀▄ █▀█ █▀█▀▀▀█▀▀▄▀█▀▀▄▄▀▀▀ █ ▀▀▀ █            │   │
│   │             ▀▀▀▀▀▀▀ █▄█ █ █ █▄█ █ ▀ █▄▀ █▄█▄█ █▄█ ▀▀▀▀▀▀▀            │   │
│   │             ▀ ▀█▀▀▀▄▄▀ █▀ ▄█▄▄█ ▀██▀██ ▄ ██▀ ▄▀▀▄▄▀▀▀█▀▄▄            │   │
│   │             ▀▄▄█▄█▀█▀▀█  ▄▄▄▄██▄▄▀ ▀ ▄▀█▀▄  █▀█ ▄██ ▄███▄            │   │
│   │              ▄▄ ██▀ ██▄ ▄ ▀█▀█▀▄██▀▀ █▀█ █▄▀▄ ▀▀▄▄▀  ▀▄▀█            │   │
│   │              ▀  ▄ ▀▄▀▀▄█  ▄█  █▄ ▄ ▀██▄█▄▄ ▄▄ ██▀ ▀▀█ █▀▄            │   │
│   │             ▀▄▄█ █▀ ▀▄▄█  ▄ ▄██▀▀ ▄███▀▄ █▄▀    ▄█▀ ▄▄▄█▄            │   │
│   │              ▀▄  ▀▀█ ▄█ █ █ █▄█▄██▀▀█▀▀ ▀▄█▀▄▀   █▀█▄▄█              │   │
│   │             ▀ ▄▀█▀▀▀█ █▀▄▄  ▀▄▀▀█▀▀▀█▀ ▄▄ █▀▄▀▀██▀▀▀█▄▄▀▄            │   │
│   │                                                                      │   │
│   │ ▶ Destination: [ /tmp/qr.png_ ]                                      │   │
│   │                                                                      │   │
│   │                         Confirm       Cancel                         │   │
│   │                      save durability unconfirmed                     │   │
│   │        Tab cycles fields  ·  Enter confirm  ·  Esc cancel save       │   │
│   └──────────────────────────────────────────────────────────────────────┘   │
│                                                                              │
│ ──────────────────────────────────────────────────────────────────────────── │
│ [↑↓] move  [enter] copy  [C] copy-next  [n] next-HOTP  [a] add  [/] find     │
└──────────────────────────────────────────────────────────────────────────────┘
